
{"ts":"2026-05-24T01:29:11.576Z","event":"Created","path":"C:\\Users\\dboyd\\mockingbird-vault\\inbox\\Untitled.md","size":0}
{"ts":"2026-05-24T01:29:11.633Z","event":"Changed","path":"C:\\Users\\dboyd\\mockingbird-vault\\inbox"}
{"ts":"2026-05-24T01:29:11.636Z","event":"Changed","path":"C:\\Users\\dboyd\\mockingbird-vault\\inbox\\Untitled.md","size":0}
{"ts":"2026-05-24T01:29:11.639Z","event":"Changed","path":"C:\\Users\\dboyd\\mockingbird-vault\\inbox\\Untitled.md","size":0}
{"ts":"2026-05-24T01:29:12.548Z","event":"Changed","path":"C:\\Users\\dboyd\\mockingbird-vault\\.obsidian\\workspace.json","size":5747}
{"ts":"2026-05-24T01:29:12.551Z","event":"Changed","path":"C:\\Users\\dboyd\\mockingbird-vault\\.obsidian\\workspace.json","size":5747}
{"ts":"2026-05-24T01:29:12.555Z","event":"Changed","path":"C:\\Users\\dboyd\\mockingbird-vault\\.obsidian\\workspace.json","size":5747}
{"ts":"2026-05-24T01:29:27.522Z","event":"Deleted","path":"C:\\Users\\dboyd\\mockingbird-vault\\inbox\\Untitled.md"}
{"ts":"2026-05-24T01:29:27.523Z","event":"Changed","path":"C:\\Users\\dboyd\\mockingbird-vault\\inbox"}
{"ts":"2026-05-24T01:29:27.681Z","event":"Created","path":"C:\\Users\\dboyd\\mockingbird-vault\\inbox\\Long paste text test.md","size":0}
{"ts":"2026-05-24T01:29:27.687Z","event":"Changed","path":"C:\\Users\\dboyd\\mockingbird-vault\\inbox\\Long paste text test.md","size":0}
{"ts":"2026-05-24T01:29:27.689Z","event":"Changed","path":"C:\\Users\\dboyd\\mockingbird-vault\\inbox\\Long paste text test.md","size":0}
{"ts":"2026-05-24T01:29:27.691Z","event":"Changed","path":"C:\\Users\\dboyd\\mockingbird-vault\\inbox"}
{"ts":"2026-05-24T01:29:28.692Z","event":"Changed","path":"C:\\Users\\dboyd\\mockingbird-vault\\.obsidian\\workspace.json","size":5784}
{"ts":"2026-05-24T01:29:28.695Z","event":"Changed","path":"C:\\Users\\dboyd\\mockingbird-vault\\.obsidian\\workspace.json","size":5784}
{"ts":"2026-05-24T01:29:28.698Z","event":"Changed","path":"C:\\Users\\dboyd\\mockingbird-vault\\.obsidian\\workspace.json","size":5784}
{"ts":"2026-05-24T01:29:39.289Z","event":"Changed","path":"C:\\Users\\dboyd\\mockingbird-vault\\.obsidian\\workspace.json","size":5802}
{"ts":"2026-05-24T01:29:39.291Z","event":"Changed","path":"C:\\Users\\dboyd\\mockingbird-vault\\.obsidian\\workspace.json","size":5802}
{"ts":"2026-05-24T01:29:39.294Z","event":"Changed","path":"C:\\Users\\dboyd\\mockingbird-vault\\.obsidian\\workspace.json","size":5802}
{"ts":"2026-05-24T01:29:42.665Z","event":"Changed","path":"C:\\Users\\dboyd\\mockingbird-vault\\.obsidian\\workspace.json","size":5802}
{"ts":"2026-05-24T01:29:42.667Z","event":"Changed","path":"C:\\Users\\dboyd\\mockingbird-vault\\.obsidian\\workspace.json","size":5802}
{"ts":"2026-05-24T01:29:42.669Z","event":"Changed","path":"C:\\Users\\dboyd\\mockingbird-vault\\.obsidian\\workspace.json","size":5802}
{"ts":"2026-05-24T01:29:44.005Z","event":"Changed","path":"C:\\Users\\dboyd\\mockingbird-vault\\.obsidian\\workspace.json","size":5784}
{"ts":"2026-05-24T01:29:44.006Z","event":"Changed","path":"C:\\Users\\dboyd\\mockingbird-vault\\.obsidian\\workspace.json","size":5784}
{"ts":"2026-05-24T01:29:44.009Z","event":"Changed","path":"C:\\Users\\dboyd\\mockingbird-vault\\.obsidian\\workspace.json","size":5784}
{"ts":"2026-05-24T01:29:47.990Z","event":"Changed","path":"C:\\Users\\dboyd\\mockingbird-vault\\inbox\\Long paste text test.md","size":41911}
{"ts":"2026-05-24T01:29:47.993Z","event":"Changed","path":"C:\\Users\\dboyd\\mockingbird-vault\\inbox\\Long paste text test.md","size":41911}
{"ts":"2026-05-24T01:29:47.996Z","event":"Changed","path":"C:\\Users\\dboyd\\mockingbird-vault\\inbox\\Long paste text test.md","size":41911}
{"ts":"2026-05-24T01:29:50.344Z","event":"Changed","path":"C:\\Users\\dboyd\\mockingbird-vault\\.obsidian\\workspace.json","size":5802}
{"ts":"2026-05-24T01:29:50.346Z","event":"Changed","path":"C:\\Users\\dboyd\\mockingbird-vault\\.obsidian\\workspace.json","size":5802}
{"ts":"2026-05-24T01:29:50.349Z","event":"Changed","path":"C:\\Users\\dboyd\\mockingbird-vault\\.obsidian\\workspace.json","size":5802}
{"ts":"2026-05-24T01:31:53.423Z","event":"Changed","path":"C:\\Users\\dboyd\\mockingbird-vault\\inbox\\Lorem ipsum.md","size":203}
{"ts":"2026-05-24T01:31:53.426Z","event":"Changed","path":"C:\\Users\\dboyd\\mockingbird-vault\\inbox\\Lorem ipsum.md","size":203}
{"ts":"2026-05-24T01:31:53.430Z","event":"Changed","path":"C:\\Users\\dboyd\\mockingbird-vault\\inbox\\Lorem ipsum.md","size":203}
{"ts":"2026-05-24T01:31:53.433Z","event":"Changed","path":"C:\\Users\\dboyd\\mockingbird-vault\\inbox\\Lorem ipsum.md","size":203}
{"ts":"2026-05-24T01:32:39.125Z","event":"Created","path":"C:\\Users\\dboyd\\mockingbird-vault\\New Recording 38.m4a","size":258743}
{"ts":"2026-05-24T01:32:39.128Z","event":"Changed","path":"C:\\Users\\dboyd\\mockingbird-vault\\New Recording 38.m4a","size":258743}
{"ts":"2026-05-24T01:32:39.131Z","event":"Changed","path":"C:\\Users\\dboyd\\mockingbird-vault\\New Recording 38.m4a","size":258743}
{"ts":"2026-05-24T01:32:39.133Z","event":"Changed","path":"C:\\Users\\dboyd\\mockingbird-vault\\New Recording 38.m4a","size":258743}
{"ts":"2026-05-24T01:32:39.135Z","event":"Changed","path":"C:\\Users\\dboyd\\mockingbird-vault\\New Recording 38.m4a","size":258743}
{"ts":"2026-05-24T01:32:40.139Z","event":"Changed","path":"C:\\Users\\dboyd\\mockingbird-vault\\.obsidian\\workspace.json","size":5830}
{"ts":"2026-05-24T01:32:40.141Z","event":"Changed","path":"C:\\Users\\dboyd\\mockingbird-vault\\.obsidian\\workspace.json","size":5830}
{"ts":"2026-05-24T01:32:40.782Z","event":"Changed","path":"C:\\Users\\dboyd\\mockingbird-vault\\inbox\\Lorem ipsum.md","size":228}
{"ts":"2026-05-24T01:32:40.785Z","event":"Changed","path":"C:\\Users\\dboyd\\mockingbird-vault\\inbox\\Lorem ipsum.md","size":228}
{"ts":"2026-05-24T01:32:40.787Z","event":"Changed","path":"C:\\Users\\dboyd\\mockingbird-vault\\inbox\\Lorem ipsum.md","size":228}
{"ts":"2026-05-24T01:32:40.789Z","event":"Changed","path":"C:\\Users\\dboyd\\mockingbird-vault\\inbox\\Lorem ipsum.md","size":228}
{"ts":"2026-05-24T01:32:45.548Z","event":"Changed","path":"C:\\Users\\dboyd\\mockingbird-vault\\.obsidian\\workspace.json","size":5812}
{"ts":"2026-05-24T01:32:45.550Z","event":"Changed","path":"C:\\Users\\dboyd\\mockingbird-vault\\.obsidian\\workspace.json","size":5812}
{"ts":"2026-05-24T01:32:45.552Z","event":"Changed","path":"C:\\Users\\dboyd\\mockingbird-vault\\.obsidian\\workspace.json","size":5812}
