
{"ts":"2026-05-24T01:22:32.024Z","event":"Created","path":"C:\\Users\\dboyd\\mockingbird-vault\\inbox\\Untitled.md","size":0}
{"ts":"2026-05-24T01:22:32.080Z","event":"Changed","path":"C:\\Users\\dboyd\\mockingbird-vault\\inbox"}
{"ts":"2026-05-24T01:22:32.084Z","event":"Changed","path":"C:\\Users\\dboyd\\mockingbird-vault\\inbox\\Untitled.md","size":0}
{"ts":"2026-05-24T01:22:32.088Z","event":"Changed","path":"C:\\Users\\dboyd\\mockingbird-vault\\inbox\\Untitled.md","size":0}
{"ts":"2026-05-24T01:22:32.990Z","event":"Changed","path":"C:\\Users\\dboyd\\mockingbird-vault\\.obsidian\\workspace.json","size":5783}
{"ts":"2026-05-24T01:22:32.993Z","event":"Changed","path":"C:\\Users\\dboyd\\mockingbird-vault\\.obsidian\\workspace.json","size":5783}
{"ts":"2026-05-24T01:23:29.464Z","event":"Deleted","path":"C:\\Users\\dboyd\\mockingbird-vault\\inbox\\Untitled.md"}
{"ts":"2026-05-24T01:23:29.466Z","event":"Changed","path":"C:\\Users\\dboyd\\mockingbird-vault\\inbox"}
{"ts":"2026-05-24T01:23:29.613Z","event":"Created","path":"C:\\Users\\dboyd\\mockingbird-vault\\inbox\\Lorem ipsum.md","size":0}
{"ts":"2026-05-24T01:23:29.616Z","event":"Changed","path":"C:\\Users\\dboyd\\mockingbird-vault\\inbox\\Lorem ipsum.md","size":0}
{"ts":"2026-05-24T01:23:29.619Z","event":"Changed","path":"C:\\Users\\dboyd\\mockingbird-vault\\inbox\\Lorem ipsum.md","size":0}
{"ts":"2026-05-24T01:23:29.621Z","event":"Changed","path":"C:\\Users\\dboyd\\mockingbird-vault\\inbox"}
{"ts":"2026-05-24T01:23:30.624Z","event":"Changed","path":"C:\\Users\\dboyd\\mockingbird-vault\\.obsidian\\workspace.json","size":5811}
{"ts":"2026-05-24T01:23:30.626Z","event":"Changed","path":"C:\\Users\\dboyd\\mockingbird-vault\\.obsidian\\workspace.json","size":5811}
{"ts":"2026-05-24T01:23:39.806Z","event":"Changed","path":"C:\\Users\\dboyd\\mockingbird-vault\\inbox\\Lorem ipsum.md","size":18}
{"ts":"2026-05-24T01:23:39.809Z","event":"Changed","path":"C:\\Users\\dboyd\\mockingbird-vault\\inbox\\Lorem ipsum.md","size":18}
{"ts":"2026-05-24T01:23:39.811Z","event":"Changed","path":"C:\\Users\\dboyd\\mockingbird-vault\\inbox\\Lorem ipsum.md","size":18}
{"ts":"2026-05-24T01:23:39.813Z","event":"Changed","path":"C:\\Users\\dboyd\\mockingbird-vault\\inbox\\Lorem ipsum.md","size":18}
{"ts":"2026-05-24T01:23:50.419Z","event":"Changed","path":"C:\\Users\\dboyd\\mockingbird-vault\\inbox\\Lorem ipsum.md","size":26}
{"ts":"2026-05-24T01:23:50.423Z","event":"Changed","path":"C:\\Users\\dboyd\\mockingbird-vault\\inbox\\Lorem ipsum.md","size":26}
{"ts":"2026-05-24T01:23:50.425Z","event":"Changed","path":"C:\\Users\\dboyd\\mockingbird-vault\\inbox\\Lorem ipsum.md","size":26}
{"ts":"2026-05-24T01:23:50.427Z","event":"Changed","path":"C:\\Users\\dboyd\\mockingbird-vault\\inbox\\Lorem ipsum.md","size":26}
{"ts":"2026-05-24T01:24:58.028Z","event":"Changed","path":"C:\\Users\\dboyd\\mockingbird-vault\\inbox\\Lorem ipsum.md","size":201}
{"ts":"2026-05-24T01:24:58.030Z","event":"Changed","path":"C:\\Users\\dboyd\\mockingbird-vault\\inbox\\Lorem ipsum.md","size":201}
{"ts":"2026-05-24T01:24:58.032Z","event":"Changed","path":"C:\\Users\\dboyd\\mockingbird-vault\\inbox\\Lorem ipsum.md","size":201}
{"ts":"2026-05-24T01:25:08.583Z","event":"Changed","path":"C:\\Users\\dboyd\\mockingbird-vault\\.obsidian\\workspace.json","size":5747}
{"ts":"2026-05-24T01:25:08.587Z","event":"Changed","path":"C:\\Users\\dboyd\\mockingbird-vault\\.obsidian\\workspace.json","size":5747}
