
{"ts":"2026-05-24T01:11:33.488Z","event":"Created","path":"C:\\Users\\dboyd\\mockingbird-vault\\Untitled.md","size":0}
{"ts":"2026-05-24T01:11:33.543Z","event":"Changed","path":"C:\\Users\\dboyd\\mockingbird-vault\\Untitled.md","size":0}
{"ts":"2026-05-24T01:11:33.546Z","event":"Changed","path":"C:\\Users\\dboyd\\mockingbird-vault\\Untitled.md","size":0}
{"ts":"2026-05-24T01:11:35.377Z","event":"Changed","path":"C:\\Users\\dboyd\\mockingbird-vault\\.obsidian\\workspace.json","size":0}
{"ts":"2026-05-24T01:11:35.379Z","event":"Changed","path":"C:\\Users\\dboyd\\mockingbird-vault\\.obsidian\\workspace.json","size":5667}
{"ts":"2026-05-24T01:12:07.391Z","event":"Deleted","path":"C:\\Users\\dboyd\\mockingbird-vault\\Untitled.md"}
{"ts":"2026-05-24T01:12:07.465Z","event":"Created","path":"C:\\Users\\dboyd\\mockingbird-vault\\Hello from round 1, this is a small text note..md","size":0}
{"ts":"2026-05-24T01:12:07.471Z","event":"Changed","path":"C:\\Users\\dboyd\\mockingbird-vault\\Hello from round 1, this is a small text note..md","size":0}
{"ts":"2026-05-24T01:12:07.473Z","event":"Changed","path":"C:\\Users\\dboyd\\mockingbird-vault\\Hello from round 1, this is a small text note..md","size":0}
{"ts":"2026-05-24T01:12:09.377Z","event":"Changed","path":"C:\\Users\\dboyd\\mockingbird-vault\\.obsidian\\workspace.json","size":5724}
{"ts":"2026-05-24T01:12:09.380Z","event":"Changed","path":"C:\\Users\\dboyd\\mockingbird-vault\\.obsidian\\workspace.json","size":5724}
{"ts":"2026-05-24T01:12:09.382Z","event":"Changed","path":"C:\\Users\\dboyd\\mockingbird-vault\\.obsidian\\workspace.json","size":5724}
{"ts":"2026-05-24T01:16:31.742Z","event":"Changed","path":"C:\\Users\\dboyd\\mockingbird-vault\\.obsidian\\workspace.json","size":5758}
{"ts":"2026-05-24T01:16:31.746Z","event":"Changed","path":"C:\\Users\\dboyd\\mockingbird-vault\\.obsidian\\workspace.json","size":5758}
{"ts":"2026-05-24T01:20:31.373Z","event":"Changed","path":"C:\\Users\\dboyd\\mockingbird-vault\\Hello from round 1, this is a small text note..md","size":7}
{"ts":"2026-05-24T01:20:31.376Z","event":"Changed","path":"C:\\Users\\dboyd\\mockingbird-vault\\Hello from round 1, this is a small text note..md","size":7}
{"ts":"2026-05-24T01:20:32.804Z","event":"Changed","path":"C:\\Users\\dboyd\\mockingbird-vault\\.obsidian\\workspace.json","size":5680}
{"ts":"2026-05-24T01:20:32.806Z","event":"Changed","path":"C:\\Users\\dboyd\\mockingbird-vault\\.obsidian\\workspace.json","size":5680}
{"ts":"2026-05-24T01:20:32.809Z","event":"Changed","path":"C:\\Users\\dboyd\\mockingbird-vault\\.obsidian\\workspace.json","size":5680}
{"ts":"2026-05-24T01:20:33.827Z","event":"Changed","path":"C:\\Users\\dboyd\\mockingbird-vault\\.obsidian\\workspace.json","size":5758}
{"ts":"2026-05-24T01:20:33.831Z","event":"Changed","path":"C:\\Users\\dboyd\\mockingbird-vault\\.obsidian\\workspace.json","size":5758}
{"ts":"2026-05-24T01:20:33.834Z","event":"Changed","path":"C:\\Users\\dboyd\\mockingbird-vault\\.obsidian\\workspace.json","size":5758}
